[lambda.oxygenna.com/creative/index.html]
[backblue.gif]
[fade.gif]
[index.html]
[lambda.oxygenna.com/creative/wp-content/themes/lambda/assets/images/favicons/apple-touch-icon-precomposed.png]
[lambda.oxygenna.com/creative/wp-content/themes/lambda/assets/images/favicons/favicon.ico]
[lambda.oxygenna.com/creative/wp-content/themes/lambda/assets/css/bootstrap.mina94e.css]
[lambda.oxygenna.com/creative/feed/index.html]
[lambda.oxygenna.com/creative/wp-includes/js/mediaelement/mediaelementplayer.mineb0c.css]
[lambda.oxygenna.com/creative/home/feed/index.html]
[lambda.oxygenna.com/creative/comments/feed/index.html]
[lambda.oxygenna.com/creative/wp-includes/js/mediaelement/wp-mediaelementa94e.css]
[lambda.oxygenna.com/creative/wp-includes/js/jquery/jqueryc1d8.js]
[lambda.oxygenna.com/creative/wp-content/themes/lambda/assets/css/theme.mina94e.css]
[lambda.oxygenna.com/creative/wp-includes/js/jquery/jquery-migrate.min1576.js]
[lambda.oxygenna.com/creative/wp-content/plugins/wp-charts/js/Chart.mina94e.js]
[lambda.oxygenna.com/creative/xmlrpc0db0.php]
[lambda.oxygenna.com/creative/wp-json/index.html]
[lambda.oxygenna.com/creative/wp-includes/wlwmanifest.xml]
[lambda.oxygenna.com/creative/wp-content/themes/lambda/assets/images/lamda.png]
[lambda.oxygenna.com/creative/this-page-isnt-here]
[lambda.oxygenna.com/creative/services/index.html]
[lambda.oxygenna.com/creative/our-services/made-for-the-web/index.html]
[lambda.oxygenna.com/creative/about-us/index.html]
[lambda.oxygenna.com/creative/right-sidebar/index.html]
[lambda.oxygenna.com/creative/left-sidebar/index.html]
[d169hzb81ub7u3.cloudfront.net/creative/wp-content/uploads/sites/8/2014/10/web-512-white.png]
[lambda.oxygenna.com/creative/elements/index.html]
[lambda.oxygenna.com/creative/element-headers/index.html]
[lambda.oxygenna.com/creative/elements-blockquotes/index.html]
[d169hzb81ub7u3.cloudfront.net/creative/wp-content/uploads/sites/8/2014/10/retina-512-white.png]
[lambda.oxygenna.com/creative/elements-font-icons/index.html]
[d169hzb81ub7u3.cloudfront.net/creative/wp-content/uploads/sites/8/2014/10/admin-512-white.png]
[lambda.oxygenna.com/creative/elements-columns/index.html]
[d169hzb81ub7u3.cloudfront.net/creative/wp-content/uploads/sites/8/2014/10/p01-800x600.jpg]
[lambda.oxygenna.com/creative/elements-accordion/index.html]
[d169hzb81ub7u3.cloudfront.net/creative/wp-content/uploads/sites/8/2014/10/p02-800x600.jpg]
[lambda.oxygenna.com/creative/elements-tabs/index.html]
[lambda.oxygenna.com/creative/elements-buttons/index.html]
[d169hzb81ub7u3.cloudfront.net/creative/wp-content/uploads/sites/8/2014/10/p10-800x600.jpg]
[lambda.oxygenna.com/creative/elements-panels/index.html]
[lambda.oxygenna.com/creative/elements-tables/index.html]
[d169hzb81ub7u3.cloudfront.net/creative/wp-content/uploads/sites/8/2014/10/p03-800x600.jpg]
[lambda.oxygenna.com/creative/550-2/index.html]
[d169hzb81ub7u3.cloudfront.net/creative/wp-content/uploads/sites/8/2014/10/p04-800x600.jpg]
[lambda.oxygenna.com/creative/elements-pricing/index.html]
[d169hzb81ub7u3.cloudfront.net/creative/wp-content/uploads/sites/8/2014/10/p05-800x600.jpg]
[d169hzb81ub7u3.cloudfront.net/creative/wp-content/uploads/sites/8/2014/10/p06-800x600.jpg]
[lambda.oxygenna.com/creative/element-feature-font-icons/index.html]
[lambda.oxygenna.com/creative/elements-features-lists/index.html]
[d169hzb81ub7u3.cloudfront.net/creative/wp-content/uploads/sites/8/2014/10/p07-800x600.jpg]
[lambda.oxygenna.com/creative/elements-scroll-buttons-2/index.html]
[d169hzb81ub7u3.cloudfront.net/creative/wp-content/uploads/sites/8/2014/10/p08-800x600.jpg]
[lambda.oxygenna.com/creative/elements-charts/index.html]
[d169hzb81ub7u3.cloudfront.net/creative/wp-content/uploads/sites/8/2014/10/coctail-800x600.jpg]
[d169hzb81ub7u3.cloudfront.net/creative/wp-content/uploads/sites/8/2014/10/p11-800x600.jpg]
[lambda.oxygenna.com/creative/elements-countdown-timer/index.html]
[lambda.oxygenna.com/creative/elements-counters/index.html]
[d169hzb81ub7u3.cloudfront.net/creative/wp-content/uploads/sites/8/2014/10/p12-800x600.jpg]
[lambda.oxygenna.com/creative/elements-pie-charts/index.html]
[lambda.oxygenna.com/creative/elements-progress-bars/index.html]
[lambda.oxygenna.com/creative/elements-maps/index.html]
[lambda.oxygenna.com/creative/portfolio-2-columns/index.html]
[lambda.oxygenna.com/creative/portfolio-3-columns/index.html]
[d169hzb81ub7u3.cloudfront.net/creative/wp-content/uploads/sites/8/2014/10/devices-3.jpg]
[lambda.oxygenna.com/creative/portfolio-4-columns/index.html]
[lambda.oxygenna.com/creative/portfolio-masonry/index.html]
[lambda.oxygenna.com/creative/fullwidth/index.html]
[lambda.oxygenna.com/creative/portfolio/old-guitar/index.html]
[d169hzb81ub7u3.cloudfront.net/creative/wp-content/uploads/sites/8/2014/10/responsive-300-white.png]
[lambda.oxygenna.com/creative/portfolio/rapid-longitude/index.html]
[lambda.oxygenna.com/creative/portfolio/frozen-logbook/index.html]
[lambda.oxygenna.com/creative/blog/index8b5b.html]
[lambda.oxygenna.com/creative/blog/index6655.html]
[d169hzb81ub7u3.cloudfront.net/creative/wp-content/uploads/sites/8/2014/10/admin-300-white.png]
[lambda.oxygenna.com/creative/blog/indexbf37.html]
[lambda.oxygenna.com/creative/2014/09/25/the-idiots-guide-to-explained/index.html]
[lambda.oxygenna.com/creative/blog/index90fa.html]
[lambda.oxygenna.com/creative/2014/08/25/the-birth-of-lies/index.html]
[lambda.oxygenna.com/creative/2014/07/25/the-cyber-house-rules/index.html]
[lambda.oxygenna.com/creative/contact/index.html]
[d169hzb81ub7u3.cloudfront.net/creative/wp-content/uploads/sites/8/2014/09/play1.png]
[lambda.oxygenna.com/creative/our-services/retina-ready/index.html]
[d169hzb81ub7u3.cloudfront.net/creative/wp-content/uploads/sites/8/2014/10/team01-notinclude.jpg]
[lambda.oxygenna.com/creative/our-services/powerful-panel/index.html]
[d169hzb81ub7u3.cloudfront.net/creative/wp-content/uploads/sites/8/2014/10/team02-notinclude.jpg]
[lambda.oxygenna.com/creative/portfolio/drinks-on-us/index.html]
[d169hzb81ub7u3.cloudfront.net/creative/wp-content/uploads/sites/8/2014/10/team03-notinclude.jpg]
[lambda.oxygenna.com/creative/portfolio/gravity-grass/index.html]
[d169hzb81ub7u3.cloudfront.net/creative/wp-content/uploads/sites/8/2014/10/team04-notinclude.jpg]
[lambda.oxygenna.com/creative/portfolio/risky-heart/index.html]
[d169hzb81ub7u3.cloudfront.net/creative/wp-content/uploads/sites/8/2014/10/team05-notinclude.jpg]
[lambda.oxygenna.com/creative/portfolio/dirty-old-boots/index.html]
[d169hzb81ub7u3.cloudfront.net/creative/wp-content/uploads/sites/8/2014/10/team06-notinclude.jpg]
[lambda.oxygenna.com/creative/portfolio/wild-alpha/index.html]
[d169hzb81ub7u3.cloudfront.net/creative/wp-content/uploads/sites/8/2014/10/team07-notinclude.jpg]
[lambda.oxygenna.com/creative/portfolio/yellow-yard/index.html]
[d169hzb81ub7u3.cloudfront.net/creative/wp-content/uploads/sites/8/2014/10/team08-notinclude.jpg]
[lambda.oxygenna.com/creative/portfolio/orange-cocktail/index.html]
[lambda.oxygenna.com/creative/portfolio/the-black-straw/index.html]
[lambda.oxygenna.com/creative/portfolio/wild-forest/index.html]
[lambda.oxygenna.com/creative/our-services/awesome-design/index.html]
[lambda.oxygenna.com/creative/our-services/solid-support/index.html]
[d169hzb81ub7u3.cloudfront.net/creative/wp-content/uploads/sites/8/2014/10/p111-150x150.jpg]
[lambda.oxygenna.com/creative/our-services/ultra-flexible/index.html]
[lambda.oxygenna.com/creative/our-services/responsive-design/index.html]
[d169hzb81ub7u3.cloudfront.net/creative/wp-content/uploads/sites/8/2014/10/p041-150x150.jpg]
[lambda.oxygenna.com/creative/our-services/seo-optimised/index.html]
[lambda.oxygenna.com/creative/our-services/free-updates/index.html]
[d169hzb81ub7u3.cloudfront.net/creative/wp-content/uploads/sites/8/2014/10/p011-150x150.jpg]
[lambda.oxygenna.com/creative/wp-includes/js/comment-reply.mina94e.js]
[lambda.oxygenna.com/creative/our-services/solid-design/index.html]
[lambda.oxygenna.com/creative/our-services/stunning-pages/index.html]
[lambda.oxygenna.com/creative/wp-content/plugins/contact-form-7/includes/js/jquery.form.mind03d.js]
[lambda.oxygenna.com/creative/2014/09/25/blog-fundamentals-explained/index.html]
[lambda.oxygenna.com/creative/2014/09/25/a-flight-to-remember/index.html]
[lambda.oxygenna.com/creative/category/art-culture/index.html]
[lambda.oxygenna.com/creative/wp-content/plugins/contact-form-7/includes/js/scriptsd7b7.js]
[lambda.oxygenna.com/creative/category/education/index.html]
[lambda.oxygenna.com/creative/category/food-health/index.html]
[lambda.oxygenna.com/creative/category/movies/index.html]
[lambda.oxygenna.com/creative/wp-includes/js/mediaelement/mediaelement-and-player.mineb0c.js]
[lambda.oxygenna.com/creative/category/sports/index.html]
[lambda.oxygenna.com/creative/2014/09/index.html]
[lambda.oxygenna.com/creative/category/travel/index.html]
[lambda.oxygenna.com/creative/2014/08/index.html]
[lambda.oxygenna.com/creative/wp-includes/js/mediaelement/wp-mediaelementa94e.js]
[lambda.oxygenna.com/creative/2014/07/index.html]
[lambda.oxygenna.com/creative/2014/06/index.html]
[lambda.oxygenna.com/creative/2014/05/index.html]
[lambda.oxygenna.com/creative/index.html]
[lambda.oxygenna.com/creative/xmlrpc.php]
[lambda.oxygenna.com/creative/wp-content/themes/lambda/assets/images/favicons/apple-touch-icon-114x114-precomposed.html]
[lambda.oxygenna.com/creative/wp-content/themes/lambda/assets/images/favicons/apple-touch-icon-72x72-precomposed.html]
[lambda.oxygenna.com/creative/wp-content/plugins/wp-charts/js/functionsa94e.js]
[lambda.oxygenna.com/creative/wp-content/themes/lambda/assets/js/theme.min5152.js]
[lambda.oxygenna.com/creative/wp-includes/js/wp-embed.mina94e.js]
[lambda.oxygenna.com/creative/wp-content/themes/lambda/assets/fonts/bootstrap/glyphicons-halflings-regular.eot]
[lambda.oxygenna.com/creative/wp-content/themes/lambda/assets/fonts/bootstrap/glyphicons-halflings-regulard41d.eot]
[lambda.oxygenna.com/creative/wp-content/themes/lambda/assets/fonts/bootstrap/glyphicons-halflings-regular.woff2]
[lambda.oxygenna.com/creative/wp-content/themes/lambda/assets/fonts/bootstrap/glyphicons-halflings-regular.woff]
[lambda.oxygenna.com/creative/wp-content/themes/lambda/assets/fonts/bootstrap/glyphicons-halflings-regular.ttf]
[lambda.oxygenna.com/creative/wp-content/themes/lambda/assets/css/bootstrap.mina94e.css]
[lambda.oxygenna.com/creative/wp-includes/js/mediaelement/bigplay.svg]
[lambda.oxygenna.com/creative/wp-includes/js/mediaelement/background.png]
[lambda.oxygenna.com/creative/wp-includes/js/mediaelement/loading.gif]
[lambda.oxygenna.com/creative/wp-includes/js/mediaelement/controls.png]
[lambda.oxygenna.com/creative/wp-includes/js/mediaelement/jumpforward.png]
[lambda.oxygenna.com/creative/wp-includes/js/mediaelement/skipback.png]
[lambda.oxygenna.com/creative/wp-includes/js/mediaelement/mediaelementplayer.mineb0c.css]
[lambda.oxygenna.com/creative/wp-includes/js/mediaelement/wp-mediaelementa94e.css]
[lambda.oxygenna.com/creative/wp-content/themes/lambda/assets/images/grid-10.png]
[lambda.oxygenna.com/creative/wp-content/themes/lambda/assets/images/grid-20.png]
[lambda.oxygenna.com/creative/wp-content/themes/lambda/assets/images/grid-30.png]
[lambda.oxygenna.com/creative/wp-content/themes/lambda/assets/images/grid-40.png]
[lambda.oxygenna.com/creative/wp-content/themes/lambda/assets/images/grid-50.png]
[lambda.oxygenna.com/creative/wp-content/themes/lambda/assets/images/grid-60.png]
[lambda.oxygenna.com/creative/wp-content/themes/lambda/assets/images/grid-70.png]
[lambda.oxygenna.com/creative/wp-content/themes/lambda/assets/images/grid-80.png]
[lambda.oxygenna.com/creative/wp-content/themes/lambda/assets/images/grid-90.png]
[lambda.oxygenna.com/creative/wp-content/themes/lambda/assets/images/grid-100.png]
[lambda.oxygenna.com/creative/wp-content/themes/lambda/assets/images/bigplay.svg]
[lambda.oxygenna.com/creative/wp-content/themes/lambda/assets/images/mejs-controls.svg]
[lambda.oxygenna.com/creative/wp-content/themes/lambda/assets/fonts/fontawesome-webfont93e3.eot]
[lambda.oxygenna.com/creative/wp-content/themes/lambda/assets/fonts/fontawesome-webfontd41d.eot]
[lambda.oxygenna.com/creative/wp-content/themes/lambda/assets/fonts/fontawesome-webfont93e3.woff2]
[lambda.oxygenna.com/creative/wp-content/themes/lambda/assets/fonts/fontawesome-webfont93e3.woff]
[lambda.oxygenna.com/creative/wp-content/themes/lambda/assets/fonts/fontawesome-webfont93e3.svg]
[lambda.oxygenna.com/creative/wp-content/themes/lambda/assets/fonts/feather-webfont.eot]
[lambda.oxygenna.com/creative/wp-content/themes/lambda/assets/fonts/feather-webfontd41d.eot]
[lambda.oxygenna.com/creative/wp-content/themes/lambda/assets/fonts/feather-webfont.ttf]
[lambda.oxygenna.com/creative/wp-content/themes/lambda/assets/css/theme.mina94e.css]
[lambda.oxygenna.com/creative/wp-includes/js/jquery/jqueryc1d8.js]
[lambda.oxygenna.com/creative/wp-includes/js/jquery/jquery-migrate.min1576.js]
[lambda.oxygenna.com/creative/wp-content/plugins/wp-charts/js/Chart.mina94e.js]
[d169hzb81ub7u3.cloudfront.net/creative/wp-content/uploads/sites/8/lambda/stack-200.css]
[lambda.oxygenna.com/creative/wp-json/oembed/1.0/embed0790.json]
[lambda.oxygenna.com/creative/services/feed/index.html]
[lambda.oxygenna.com/creative/wp-json/oembed/1.0/embedbe52]
[d169hzb81ub7u3.cloudfront.net/creative/wp-content/uploads/sites/8/2014/10/customisation-512-2hite.png]
[d169hzb81ub7u3.cloudfront.net/creative/wp-content/uploads/sites/8/2014/10/eshop-512-white.png]
[d169hzb81ub7u3.cloudfront.net/creative/wp-content/uploads/sites/8/2014/10/development-512-white.png]
[lambda.oxygenna.com/creative/our-services/easy-to-customise/index.html]
[lambda.oxygenna.com/creative/our-services/commerce-ready/index.html]
[lambda.oxygenna.com/creative/our-services/page-composer/index.html]
[d169hzb81ub7u3.cloudfront.net/creative/wp-content/uploads/sites/8/2014/10/team16-notinclude-150x150.jpg]
[d169hzb81ub7u3.cloudfront.net/creative/wp-content/uploads/sites/8/2014/10/team05-notinclude-150x150.jpg]
[d169hzb81ub7u3.cloudfront.net/creative/wp-content/uploads/sites/8/2014/10/team02-notinclude-150x150.jpg]
[d169hzb81ub7u3.cloudfront.net/creative/wp-content/uploads/sites/8/2014/10/client1.png]
[d169hzb81ub7u3.cloudfront.net/creative/wp-content/uploads/sites/8/2014/10/client2.png]
[d169hzb81ub7u3.cloudfront.net/creative/wp-content/uploads/sites/8/2014/10/client5.png]
[d169hzb81ub7u3.cloudfront.net/creative/wp-content/uploads/sites/8/2014/10/client4.png]
[d169hzb81ub7u3.cloudfront.net/creative/wp-content/uploads/sites/8/2014/10/client3.png]
[d169hzb81ub7u3.cloudfront.net/creative/wp-content/uploads/sites/8/2014/10/client7.png]
[d169hzb81ub7u3.cloudfront.net/creative/wp-content/uploads/sites/8/2014/10/client6.png]
[lambda.oxygenna.com/creative/services/index.html]
[lambda.oxygenna.com/creative/services-alt/index.html]
[lambda.oxygenna.com/creative/wp-json/oembed/1.0/embede87a.json]
[lambda.oxygenna.com/creative/wp-json/oembed/1.0/embed671b]
[lambda.oxygenna.com/creative/our-services/made-for-the-web/index.html]
[lambda.oxygenna.com/creative/wp-json/oembed/1.0/embed459c.json]
[lambda.oxygenna.com/creative/about-us/feed/index.html]
[lambda.oxygenna.com/creative/wp-json/oembed/1.0/embedbcbe]
[d169hzb81ub7u3.cloudfront.net/creative/wp-content/uploads/sites/8/2014/10/team09-notinclude.jpg]
[d169hzb81ub7u3.cloudfront.net/creative/wp-content/uploads/sites/8/2014/10/team10-notinclude.jpg]
[d169hzb81ub7u3.cloudfront.net/creative/wp-content/uploads/sites/8/2014/10/team11-notinclude.jpg]
[d169hzb81ub7u3.cloudfront.net/creative/wp-content/uploads/sites/8/2014/10/team13-notinclude.jpg]
[d169hzb81ub7u3.cloudfront.net/creative/wp-content/uploads/sites/8/2014/10/team12-notinclude.jpg]
[d169hzb81ub7u3.cloudfront.net/creative/wp-content/uploads/sites/8/2014/10/team14-notinclude.jpg]
[d169hzb81ub7u3.cloudfront.net/creative/wp-content/uploads/sites/8/2014/10/team15-notinclude.jpg]
[d169hzb81ub7u3.cloudfront.net/creative/wp-content/uploads/sites/8/2014/10/team16-notinclude.jpg]
[d169hzb81ub7u3.cloudfront.net/creative/wp-content/uploads/sites/8/2014/10/devices-4.png]
[d169hzb81ub7u3.cloudfront.net/creative/wp-content/uploads/sites/8/2014/10/team15-notinclude-150x150.jpg]
[d169hzb81ub7u3.cloudfront.net/creative/wp-content/uploads/sites/8/2014/10/team13-notinclude-150x150.jpg]
[d169hzb81ub7u3.cloudfront.net/creative/wp-content/uploads/sites/8/2014/10/team11-notinclude-150x150.jpg]
[lambda.oxygenna.com/creative/about-us/index.html]
[lambda.oxygenna.com/creative/this-page-isnt-here.html]
[lambda.oxygenna.com/creative/wp-json/oembed/1.0/embed40cd.json]
[lambda.oxygenna.com/creative/right-sidebar/feed/index.html]
[lambda.oxygenna.com/creative/wp-json/oembed/1.0/embed4f13]
[d169hzb81ub7u3.cloudfront.net/creative/wp-content/uploads/sites/8/2014/10/p021.jpg]
[d169hzb81ub7u3.cloudfront.net/creative/wp-content/uploads/sites/8/2014/10/p111.jpg]
[d169hzb81ub7u3.cloudfront.net/creative/wp-content/uploads/sites/8/2014/10/p09-150x150.jpg]
[lambda.oxygenna.com/creative/2014/09/25/shocking-information-about-alcohol-exposed/index.html]
[d169hzb81ub7u3.cloudfront.net/creative/wp-content/uploads/sites/8/2014/10/p021-150x150.jpg]
[lambda.oxygenna.com/creative/right-sidebar/index.html]
[lambda.oxygenna.com/creative/2014/09/25/the-ugly-side-of-the-moon/index.html]
[lambda.oxygenna.com/creative/tag/assault/index.html]
[lambda.oxygenna.com/creative/tag/billionaire/index.html]
[lambda.oxygenna.com/creative/wp-json/oembed/1.0/embedff9e.json]
[lambda.oxygenna.com/creative/tag/butcher/index.html]
[lambda.oxygenna.com/creative/wp-json/oembed/1.0/embede12c]
[lambda.oxygenna.com/creative/tag/chimpanzee/index.html]
[lambda.oxygenna.com/creative/tag/commandment/index.html]
[lambda.oxygenna.com/creative/tag/discovery/index.html]
[lambda.oxygenna.com/creative/left-sidebar/index.html]
[lambda.oxygenna.com/creative/tag/drugs/index.html]
[lambda.oxygenna.com/creative/tag/everest/index.html]
[lambda.oxygenna.com/creative/tag/humor/index.html]
[lambda.oxygenna.com/creative/wp-json/oembed/1.0/embed74a0.json]
[lambda.oxygenna.com/creative/tag/information/index.html]
[lambda.oxygenna.com/creative/tag/lord/index.html]
[lambda.oxygenna.com/creative/wp-json/oembed/1.0/embedc676]
[lambda.oxygenna.com/creative/tag/loud/index.html]
[lambda.oxygenna.com/creative/tag/lucky/index.html]
[lambda.oxygenna.com/creative/tag/nextpage/index.html]
[lambda.oxygenna.com/creative/tag/paged/index.html]
[lambda.oxygenna.com/creative/tag/party/index.html]
[lambda.oxygenna.com/creative/tag/song/index.html]
[lambda.oxygenna.com/creative/tag/reggae/index.html]
[lambda.oxygenna.com/creative/elements/index.html]
[lambda.oxygenna.com/creative/wp-content/plugins/js_composer/assets/js/js_composer_front125b.js]
[lambda.oxygenna.com/creative/tag/woman/index.html]
[lambda.oxygenna.com/creative/tag/vision/index.html]
[lambda.oxygenna.com/creative/left-sidebar/feed/index.html]
[lambda.oxygenna.com/creative/elements/feed/index.html]
[lambda.oxygenna.com/creative/wp-json/oembed/1.0/embed45ac.json]
[lambda.oxygenna.com/creative/element-headers/feed/index.html]
[lambda.oxygenna.com/creative/wp-json/oembed/1.0/embed4132]
[lambda.oxygenna.com/creative/element-headers/index.html]
[lambda.oxygenna.com/creative/wp-json/oembed/1.0/embedace2.json]
[lambda.oxygenna.com/creative/elements-blockquotes/feed/index.html]
[lambda.oxygenna.com/creative/wp-json/oembed/1.0/embed8851]
[lambda.oxygenna.com/creative/elements-blockquotes/index.html]
[lambda.oxygenna.com/creative/wp-json/oembed/1.0/embed9f99.json]
[lambda.oxygenna.com/creative/elements-font-icons/feed/index.html]
[lambda.oxygenna.com/creative/wp-json/oembed/1.0/embedf1b2]
[lambda.oxygenna.com/creative/elements-font-icons/index.html]
[lambda.oxygenna.com/creative/wp-json/oembed/1.0/embedf5b5.json]
[lambda.oxygenna.com/creative/elements-font-icons/license/index.html]
[lambda.oxygenna.com/creative/elements-font-icons/cheatsheet/index.html]
[lambda.oxygenna.com/creative/elements-columns/feed/index.html]
[lambda.oxygenna.com/creative/wp-json/oembed/1.0/embede216]
[lambda.oxygenna.com/creative/elements-columns/index.html]
[lambda.oxygenna.com/creative/wp-json/oembed/1.0/embed8728.json]
[lambda.oxygenna.com/creative/elements-accordion/feed/index.html]
[lambda.oxygenna.com/creative/wp-json/oembed/1.0/embed0ed8]
[lambda.oxygenna.com/creative/elements-accordion/index.html]
[lambda.oxygenna.com/creative/wp-json/oembed/1.0/embedb415.json]
[lambda.oxygenna.com/creative/elements-tabs/feed/index.html]
[lambda.oxygenna.com/creative/wp-json/oembed/1.0/embed6ab6]
[lambda.oxygenna.com/creative/elements-tabs/index.html]
[lambda.oxygenna.com/creative/wp-json/oembed/1.0/embed444f.json]
[lambda.oxygenna.com/creative/elements-buttons/feed/index.html]
[lambda.oxygenna.com/creative/wp-json/oembed/1.0/embedb006]
[lambda.oxygenna.com/creative/elements-buttons/index.html]
[lambda.oxygenna.com/creative/wp-json/oembed/1.0/embed8178.json]
[lambda.oxygenna.com/creative/elements-panels/feed/index.html]
[lambda.oxygenna.com/creative/elements-panels/index.html]
[lambda.oxygenna.com/creative/wp-json/oembed/1.0/embed1bc7.json]
[lambda.oxygenna.com/creative/elements-tables/feed/index.html]
[lambda.oxygenna.com/creative/wp-json/oembed/1.0/embed3535]
[lambda.oxygenna.com/creative/elements-tables/index.html]
[lambda.oxygenna.com/creative/wp-json/oembed/1.0/embed691c.json]
[lambda.oxygenna.com/creative/550-2/feed/index.html]
[lambda.oxygenna.com/creative/wp-json/oembed/1.0/embed1c1f]
[lambda.oxygenna.com/creative/550-2/index.html]
[lambda.oxygenna.com/creative/wp-json/oembed/1.0/embedfd6e.json]
[lambda.oxygenna.com/creative/elements-pricing/feed/index.html]
[lambda.oxygenna.com/creative/wp-json/oembed/1.0/embed4570]
[lambda.oxygenna.com/creative/elements-pricing/index.html]
[lambda.oxygenna.com/creative/wp-json/oembed/1.0/embed828c.json]
[lambda.oxygenna.com/creative/element-feature-font-icons/feed/index.html]
[lambda.oxygenna.com/creative/wp-json/oembed/1.0/embed3b7d]
[lambda.oxygenna.com/creative/element-feature-font-icons/index.html]
[lambda.oxygenna.com/creative/wp-json/oembed/1.0/embedc864.json]
[lambda.oxygenna.com/creative/elements-features-lists/feed/index.html]
[lambda.oxygenna.com/creative/wp-json/oembed/1.0/embed3521]
[lambda.oxygenna.com/creative/elements-features-lists/index.html]
[lambda.oxygenna.com/creative/wp-json/oembed/1.0/embed526e.json]
[lambda.oxygenna.com/creative/elements-scroll-buttons-2/feed/index.html]
[lambda.oxygenna.com/creative/wp-json/oembed/1.0/embed60d5]
[lambda.oxygenna.com/creative/elements-scroll-buttons-2/index.html]
[lambda.oxygenna.com/creative/wp-json/oembed/1.0/embed8050.json]
[lambda.oxygenna.com/creative/elements-charts/feed/index.html]
[lambda.oxygenna.com/creative/wp-json/oembed/1.0/embedec70]
[lambda.oxygenna.com/creative/elements-charts/index.html]
[lambda.oxygenna.com/creative/wp-json/oembed/1.0/embedaebd.json]
[lambda.oxygenna.com/creative/elements-counters/feed/index.html]
[lambda.oxygenna.com/creative/wp-json/oembed/1.0/embed85e6]
[lambda.oxygenna.com/creative/elements-counters/index.html]
[lambda.oxygenna.com/creative/wp-json/oembed/1.0/embed37a1.json]
[lambda.oxygenna.com/creative/elements-countdown-timer/feed/index.html]
[lambda.oxygenna.com/creative/wp-json/oembed/1.0/embed6045]
[lambda.oxygenna.com/creative/elements-countdown-timer/index.html]
[lambda.oxygenna.com/creative/wp-json/oembed/1.0/embedac0d.json]
[lambda.oxygenna.com/creative/elements-pie-charts/feed/index.html]
[lambda.oxygenna.com/creative/wp-json/oembed/1.0/embed8c31]
[lambda.oxygenna.com/creative/elements-pie-charts/index.html]
[lambda.oxygenna.com/creative/wp-json/oembed/1.0/embedfff5.json]
[lambda.oxygenna.com/creative/elements-progress-bars/feed/index.html]
[lambda.oxygenna.com/creative/wp-json/oembed/1.0/embed4d9c]
[lambda.oxygenna.com/creative/elements-progress-bars/index.html]
[lambda.oxygenna.com/creative/wp-json/oembed/1.0/embedb718.json]
[lambda.oxygenna.com/creative/elements-maps/feed/index.html]
[lambda.oxygenna.com/creative/wp-json/oembed/1.0/embedb279]
[lambda.oxygenna.com/creative/elements-maps/index.html]
[lambda.oxygenna.com/creative/wp-content/themes/lambda/assets/js/map.mina94e.js]
[lambda.oxygenna.com/creative/wp-json/oembed/1.0/embed48fe.json]
[lambda.oxygenna.com/creative/portfolio-2-columns/feed/index.html]
[lambda.oxygenna.com/creative/wp-json/oembed/1.0/embedb08e]
[d169hzb81ub7u3.cloudfront.net/creative/wp-content/uploads/sites/8/2014/10/p01.jpg]
[d169hzb81ub7u3.cloudfront.net/creative/wp-content/uploads/sites/8/2014/10/p10.jpg]
[d169hzb81ub7u3.cloudfront.net/creative/wp-content/uploads/sites/8/2014/10/p02.jpg]
[d169hzb81ub7u3.cloudfront.net/creative/wp-content/uploads/sites/8/2014/10/p03.jpg]
[d169hzb81ub7u3.cloudfront.net/creative/wp-content/uploads/sites/8/2014/10/p04.jpg]
[d169hzb81ub7u3.cloudfront.net/creative/wp-content/uploads/sites/8/2014/10/p06.jpg]
[d169hzb81ub7u3.cloudfront.net/creative/wp-content/uploads/sites/8/2014/10/p07.jpg]
[lambda.oxygenna.com/creative/portfolio-2-columns/index.html]
[lambda.oxygenna.com/creative/wp-json/oembed/1.0/embed03c7.json]
[lambda.oxygenna.com/creative/portfolio-3-columns/feed/index.html]
[lambda.oxygenna.com/creative/wp-json/oembed/1.0/embed9d41]
[lambda.oxygenna.com/creative/portfolio-3-columns/index.html]
[lambda.oxygenna.com/creative/wp-json/oembed/1.0/embed8ac5.json]
[lambda.oxygenna.com/creative/portfolio-4-columns/feed/index.html]
[lambda.oxygenna.com/creative/wp-json/oembed/1.0/embed1071]
[lambda.oxygenna.com/creative/portfolio-4-columns/index.html]
[lambda.oxygenna.com/creative/wp-json/oembed/1.0/embed9f00.json]
[lambda.oxygenna.com/creative/portfolio-masonry/feed/index.html]
[lambda.oxygenna.com/creative/wp-json/oembed/1.0/embed4a5d]
[d169hzb81ub7u3.cloudfront.net/creative/wp-content/uploads/sites/8/2014/10/p05.jpg]
[d169hzb81ub7u3.cloudfront.net/creative/wp-content/uploads/sites/8/2014/10/p08.jpg]
[d169hzb81ub7u3.cloudfront.net/creative/wp-content/uploads/sites/8/2014/10/coctail.jpg]
[d169hzb81ub7u3.cloudfront.net/creative/wp-content/uploads/sites/8/2014/10/p11.jpg]
[d169hzb81ub7u3.cloudfront.net/creative/wp-content/uploads/sites/8/2014/10/p12.jpg]
[lambda.oxygenna.com/creative/portfolio-masonry/index.html]
[lambda.oxygenna.com/creative/wp-json/oembed/1.0/embed9575.json]
[lambda.oxygenna.com/creative/fullwidth/feed/index.html]
[lambda.oxygenna.com/creative/wp-json/oembed/1.0/embed5377]
[lambda.oxygenna.com/creative/fullwidth/index.html]
[lambda.oxygenna.com/creative/wp-json/oembed/1.0/embeda278.json]
[lambda.oxygenna.com/creative/portfolio/old-guitar/feed/index.html]
[lambda.oxygenna.com/creative/wp-json/oembed/1.0/embed3f51]
[d169hzb81ub7u3.cloudfront.net/creative/wp-content/uploads/sites/8/2014/10/p13.jpg]
[d169hzb81ub7u3.cloudfront.net/creative/wp-content/uploads/sites/8/2014/10/p05-1024x682.jpg]
[d169hzb81ub7u3.cloudfront.net/creative/wp-content/uploads/sites/8/2014/10/p11-1024x682.jpg]
[d169hzb81ub7u3.cloudfront.net/creative/wp-content/uploads/sites/8/2014/10/p02-1024x682.jpg]
[lambda.oxygenna.com/creative/portfolio/old-guitar/index.html]
[lambda.oxygenna.com/creative/portfolio/rapid-longitude/feed/index.html]
[lambda.oxygenna.com/creative/wp-json/oembed/1.0/embed498b.json]
[lambda.oxygenna.com/creative/wp-json/oembed/1.0/embed89ad]
[d169hzb81ub7u3.cloudfront.net/creative/wp-content/uploads/sites/8/2014/10/p08-1024x682.jpg]
[d169hzb81ub7u3.cloudfront.net/creative/wp-content/uploads/sites/8/2014/10/p06-1024x682.jpg]
[lambda.oxygenna.com/creative/portfolio/rapid-longitude/index.html]
[lambda.oxygenna.com/creative/wp-json/oembed/1.0/embed83e2.json]
[lambda.oxygenna.com/creative/portfolio/frozen-logbook/feed/index.html]
[lambda.oxygenna.com/creative/wp-json/oembed/1.0/embed6322]
[d169hzb81ub7u3.cloudfront.net/creative/wp-content/uploads/sites/8/2014/10/coctail-1024x682.jpg]
[d169hzb81ub7u3.cloudfront.net/creative/wp-content/uploads/sites/8/2014/10/p01-1024x682.jpg]
[lambda.oxygenna.com/creative/portfolio/frozen-logbook/index.html]
[d169hzb81ub7u3.cloudfront.net/creative/wp-content/uploads/sites/8/2014/10/p041.jpg]
[lambda.oxygenna.com/creative/author/proistak/index.html]
[d169hzb81ub7u3.cloudfront.net/creative/wp-content/uploads/sites/8/2014/10/p011.jpg]
[d169hzb81ub7u3.cloudfront.net/creative/wp-content/uploads/sites/8/2014/10/p061.jpg]
[d169hzb81ub7u3.cloudfront.net/creative/wp-content/uploads/sites/8/2014/10/p071.jpg]
[d169hzb81ub7u3.cloudfront.net/creative/wp-content/uploads/sites/8/2014/10/p101.jpg]
[lambda.oxygenna.com/creative/2014/07/25/where-no-fan-has-gone-before/index.html]
[d169hzb81ub7u3.cloudfront.net/creative/wp-content/uploads/sites/8/2014/10/p091.jpg]
[lambda.oxygenna.com/creative/author/christos/index.html]
[d169hzb81ub7u3.cloudfront.net/creative/wp-content/uploads/sites/8/2014/10/p081.jpg]
[lambda.oxygenna.com/creative/blog/index8b5b.html]
[lambda.oxygenna.com/creative/2014/07/25/the-day-the-earth-stood-stupid/index.html]
[lambda.oxygenna.com/creative/2014/06/26/fry-am-the-egg-man/index.html]
[lambda.oxygenna.com/creative/blog/index6655.html]
[lambda.oxygenna.com/creative/blog/page/2/index8b5b.html]
[lambda.oxygenna.com/creative/blog/indexbf37.html]
[lambda.oxygenna.com/creative/blog/page/2/index6655.html]
[lambda.oxygenna.com/creative/blog/index90fa.html]
[lambda.oxygenna.com/creative/blog/page/2/indexbf37.html]
[lambda.oxygenna.com/creative/blog/page/2/index90fa.html]
[lambda.oxygenna.com/creative/wp-json/oembed/1.0/embedf080.json]
[lambda.oxygenna.com/creative/2014/09/25/the-idiots-guide-to-explained/feed/index.html]
[lambda.oxygenna.com/creative/wp-json/oembed/1.0/embedf789]
[lambda.oxygenna.com/creative/blog/index.html]
[lambda.oxygenna.com/creative/2014/09/25/the-idiots-guide-to-explained/index.html]
[lambda.oxygenna.com/creative/2014/09/25/the-idiots-guide-to-explained/index0e22.html]
[lambda.oxygenna.com/creative/wp-json/oembed/1.0/embedde77.json]
[lambda.oxygenna.com/creative/2014/08/25/the-birth-of-lies/feed/index.html]
[lambda.oxygenna.com/creative/2014/09/25/the-idiots-guide-to-explained/index360b.html]
[lambda.oxygenna.com/creative/wp-json/oembed/1.0/embed5eed]
[lambda.oxygenna.com/creative/2014/08/25/the-birth-of-lies/index.html]
[lambda.oxygenna.com/creative/2014/05/01/all-the-presidents-heads/index.html]
[lambda.oxygenna.com/creative/2014/08/25/the-birth-of-lies/indexa82a.html]
[lambda.oxygenna.com/creative/wp-json/oembed/1.0/embed20a4.json]
[lambda.oxygenna.com/creative/2014/07/25/the-cyber-house-rules/feed/index.html]
[lambda.oxygenna.com/creative/wp-json/oembed/1.0/embed4334]
[lambda.oxygenna.com/creative/2014/08/25/the-birth-of-lies/index06ab.html]
[lambda.oxygenna.com/creative/2014/07/25/the-cyber-house-rules/index.html]
[lambda.oxygenna.com/creative/wp-json/oembed/1.0/embed56f2.json]
[lambda.oxygenna.com/creative/2014/07/25/the-cyber-house-rules/index94a5.html]
[lambda.oxygenna.com/creative/2014/07/25/the-cyber-house-rules/index745d.html]
[lambda.oxygenna.com/creative/contact/feed/index.html]
[lambda.oxygenna.com/creative/wp-json/oembed/1.0/embed3b91]
[lambda.oxygenna.com/creative/contact/index.html]
[lambda.oxygenna.com/creative/http_/lambda.oxygenna.com/creative/wp-content/uploads/sites/8/2014/10/services-bg.html]
[lambda.oxygenna.com/creative/wp-json/oembed/1.0/embed3da2.json]
[lambda.oxygenna.com/creative/wp-json/oembed/1.0/embed0a7c]
[lambda.oxygenna.com/creative/our-services/retina-ready/index.html]
[lambda.oxygenna.com/creative/wp-json/oembed/1.0/embed9c94.json]
[lambda.oxygenna.com/creative/wp-json/oembed/1.0/embed2cee]
[lambda.oxygenna.com/creative/our-services/powerful-panel/index.html]
[lambda.oxygenna.com/creative/wp-json/oembed/1.0/embed7038.json]
[lambda.oxygenna.com/creative/portfolio/drinks-on-us/feed/index.html]
[lambda.oxygenna.com/creative/wp-json/oembed/1.0/embed316c]
[lambda.oxygenna.com/creative/portfolio/drinks-on-us/index.html]
[lambda.oxygenna.com/creative/wp-json/oembed/1.0/embedb615.json]
[lambda.oxygenna.com/creative/portfolio/gravity-grass/feed/index.html]
[lambda.oxygenna.com/creative/wp-json/oembed/1.0/embed905e]
[d169hzb81ub7u3.cloudfront.net/creative/wp-content/uploads/sites/8/2014/10/p12-1024x682.jpg]
[lambda.oxygenna.com/creative/portfolio/gravity-grass/index.html]
[lambda.oxygenna.com/creative/wp-json/oembed/1.0/embed73f5.json]
[lambda.oxygenna.com/creative/portfolio/risky-heart/feed/index.html]
[lambda.oxygenna.com/creative/wp-json/oembed/1.0/embed6171]
[d169hzb81ub7u3.cloudfront.net/creative/wp-content/uploads/sites/8/2014/10/p03-1024x682.jpg]
[lambda.oxygenna.com/creative/portfolio/risky-heart/index.html]
[lambda.oxygenna.com/creative/wp-json/oembed/1.0/embed5d31.json]
[lambda.oxygenna.com/creative/portfolio/dirty-old-boots/feed/index.html]
[lambda.oxygenna.com/creative/wp-json/oembed/1.0/embedae59]
[d169hzb81ub7u3.cloudfront.net/creative/wp-content/uploads/sites/8/2014/10/p07-1024x682.jpg]
[lambda.oxygenna.com/creative/portfolio/dirty-old-boots/index.html]
[lambda.oxygenna.com/creative/wp-json/oembed/1.0/embed6c28.json]
[lambda.oxygenna.com/creative/portfolio/wild-alpha/feed/index.html]
[lambda.oxygenna.com/creative/wp-json/oembed/1.0/embed92fa]
[lambda.oxygenna.com/creative/portfolio/wild-alpha/index.html]
[lambda.oxygenna.com/creative/wp-json/oembed/1.0/embed79db.json]
[lambda.oxygenna.com/creative/portfolio/yellow-yard/feed/index.html]
[lambda.oxygenna.com/creative/wp-json/oembed/1.0/embeddf65]
[d169hzb81ub7u3.cloudfront.net/creative/wp-content/uploads/sites/8/2014/10/p10-1024x682.jpg]
[lambda.oxygenna.com/creative/portfolio/yellow-yard/index.html]
[lambda.oxygenna.com/creative/wp-json/oembed/1.0/embed091d.json]
[lambda.oxygenna.com/creative/portfolio/orange-cocktail/feed/index.html]
[lambda.oxygenna.com/creative/wp-json/oembed/1.0/embed6cd1]
[lambda.oxygenna.com/creative/portfolio/orange-cocktail/index.html]
[lambda.oxygenna.com/creative/wp-json/oembed/1.0/embed7f7c.json]
[lambda.oxygenna.com/creative/portfolio/the-black-straw/feed/index.html]
[lambda.oxygenna.com/creative/wp-json/oembed/1.0/embede550]
[lambda.oxygenna.com/creative/portfolio/the-black-straw/index.html]
[lambda.oxygenna.com/creative/wp-json/oembed/1.0/embedf5ca.json]
[lambda.oxygenna.com/creative/portfolio/wild-forest/feed/index.html]
[lambda.oxygenna.com/creative/wp-json/oembed/1.0/embeda3d3]
[lambda.oxygenna.com/creative/portfolio/wild-forest/index.html]
[lambda.oxygenna.com/creative/http_/lambda.oxygenna.com/creative/wp-content/uploads/sites/8/2014/10/bg-02.html]
[lambda.oxygenna.com/creative/wp-json/oembed/1.0/embedfa0d.json]
[lambda.oxygenna.com/creative/wp-json/oembed/1.0/embed2dd7]
[lambda.oxygenna.com/creative/our-services/awesome-design/index.html]
[lambda.oxygenna.com/creative/wp-json/oembed/1.0/embed63ec.json]
[lambda.oxygenna.com/creative/wp-json/oembed/1.0/embeda6c6]
[lambda.oxygenna.com/creative/our-services/solid-support/index.html]
[lambda.oxygenna.com/creative/wp-json/oembed/1.0/embed856e.json]
[lambda.oxygenna.com/creative/wp-json/oembed/1.0/embed8de1]
[lambda.oxygenna.com/creative/our-services/ultra-flexible/index.html]
[lambda.oxygenna.com/creative/wp-json/oembed/1.0/embedc7c0.json]
[lambda.oxygenna.com/creative/wp-json/oembed/1.0/embed0493]
[lambda.oxygenna.com/creative/our-services/seo-optimised/index.html]
[lambda.oxygenna.com/creative/wp-json/oembed/1.0/embeddfae.json]
[lambda.oxygenna.com/creative/wp-json/oembed/1.0/embed305e]
[lambda.oxygenna.com/creative/our-services/responsive-design/index.html]
[lambda.oxygenna.com/creative/wp-json/oembed/1.0/embede33f.json]
[lambda.oxygenna.com/creative/wp-json/oembed/1.0/embed4632]
[lambda.oxygenna.com/creative/our-services/free-updates/index.html]
[lambda.oxygenna.com/creative/wp-json/oembed/1.0/embed499c.json]
[lambda.oxygenna.com/creative/wp-json/oembed/1.0/embeddfa0]
[lambda.oxygenna.com/creative/our-services/solid-design/index.html]
[lambda.oxygenna.com/creative/wp-json/oembed/1.0/embed15f8.json]
[lambda.oxygenna.com/creative/wp-json/oembed/1.0/embedcfc5]
[lambda.oxygenna.com/creative/our-services/stunning-pages/index.html]
[lambda.oxygenna.com/creative/http_/lambda.oxygenna.com/creative/wp-content/uploads/sites/8/2014/10/services-bg-3.html]
[lambda.oxygenna.com/creative/http_/lambda.oxygenna.com/creative/wp-content/uploads/sites/8/2014/10/services-bg-2.html]
[lambda.oxygenna.com/creative/http_/lambda.oxygenna.com/creative/wp-content/uploads/sites/8/2014/09/woman.html]
[lambda.oxygenna.com/creative/http_/lambda.oxygenna.com/creative/wp-content/uploads/sites/8/2014/10/bg-01.html]
[lambda.oxygenna.com/creative/wp-json/oembed/1.0/embed8cc2.json]
[lambda.oxygenna.com/creative/2014/09/25/a-flight-to-remember/feed/index.html]
[lambda.oxygenna.com/creative/wp-json/oembed/1.0/embeda7a7]
[lambda.oxygenna.com/creative/2014/09/25/a-flight-to-remember/index.html]
[lambda.oxygenna.com/creative/wp-json/oembed/1.0/embed6d78.json]
[lambda.oxygenna.com/creative/2014/09/25/a-flight-to-remember/index3094.html]
[lambda.oxygenna.com/creative/2014/09/25/a-flight-to-remember/index6f0d.html]
[lambda.oxygenna.com/creative/2014/09/25/blog-fundamentals-explained/feed/index.html]
[lambda.oxygenna.com/creative/wp-json/oembed/1.0/embeddebe]
[lambda.oxygenna.com/creative/2014/09/25/blog-fundamentals-explained/index.html]
[lambda.oxygenna.com/creative/2014/09/25/blog-fundamentals-explained/indexa79a.html]
[lambda.oxygenna.com/creative/2014/09/25/blog-fundamentals-explained/index21b4.html]
[lambda.oxygenna.com/creative/category/art-culture/feed/index.html]
[lambda.oxygenna.com/creative/category/art-culture/index.html]
[lambda.oxygenna.com/creative/2014/06/25/sing-along-fellas/index.html]
[lambda.oxygenna.com/creative/category/education/index.html]
[lambda.oxygenna.com/creative/category/education/feed/index.html]
[lambda.oxygenna.com/creative/category/food-health/feed/index.html]
[lambda.oxygenna.com/creative/category/food-health/index.html]
[lambda.oxygenna.com/creative/category/movies/feed/index.html]
[lambda.oxygenna.com/creative/category/movies/index.html]
[lambda.oxygenna.com/creative/2014/06/25/the-silence-of-the-clamps/index.html]
[lambda.oxygenna.com/creative/category/sports/feed/index.html]
[lambda.oxygenna.com/creative/category/sports/index.html]
[lambda.oxygenna.com/creative/category/travel/feed/index.html]
[lambda.oxygenna.com/creative/category/travel/index.html]
[lambda.oxygenna.com/creative/2014/09/index.html]
[lambda.oxygenna.com/creative/2014/index.html]
[lambda.oxygenna.com/creative/2014/08/index.html]
[lambda.oxygenna.com/creative/2014/07/index.html]
[lambda.oxygenna.com/creative/2014/06/index.html]
[lambda.oxygenna.com/creative/2014/05/index.html]
[lambda.oxygenna.com/creative/wp-includes/js/comment-reply.mina94e.js]
[lambda.oxygenna.com/creative/wp-content/plugins/contact-form-7/includes/js/jquery.form.mind03d.js]
[lambda.oxygenna.com/creative/wp-content/plugins/contact-form-7/includes/js/scriptsd7b7.js]
[lambda.oxygenna.com/creative/wp-includes/js/mediaelement/mediaelement-and-player.mineb0c.js]
[lambda.oxygenna.com/creative/wp-includes/js/mediaelement/wp-mediaelementa94e.js]
[lambda.oxygenna.com/creative/wp-content/themes/lambda/assets/js/theme.min5152.js]
[lambda.oxygenna.com/creative/wp-content/plugins/wp-charts/js/functionsa94e.js]
[lambda.oxygenna.com/creative/wp-includes/js/wp-embed.mina94e.js]
[lambda.oxygenna.com/creative/wp-content/themes/lambda/assets/fonts/bootstrap/glyphicons-halflings-regular.html]
[lambda.oxygenna.com/creative/wp-content/themes/lambda/assets/fonts/bootstrap/glyphicons-halflings-regulard41d.html]
[lambda.oxygenna.com/creative/wp-content/themes/lambda/assets/fonts/bootstrap/glyphicons-halflings-regular-2.html]
[lambda.oxygenna.com/creative/wp-content/themes/lambda/assets/fonts/bootstrap/glyphicons-halflings-regular-3.html]
[lambda.oxygenna.com/creative/wp-content/themes/lambda/assets/fonts/bootstrap/glyphicons-halflings-regular-4.html]
[lambda.oxygenna.com/creative/wp-content/themes/lambda/assets/fonts/bootstrap/glyphicons-halflings-regular-5.html]
[lambda.oxygenna.com/creative/wp-includes/js/mediaelement/bigplay.svg]
[lambda.oxygenna.com/creative/wp-content/themes/lambda/assets/images/bigplay.svg]
[lambda.oxygenna.com/creative/wp-content/themes/lambda/assets/css/background.html]
[lambda.oxygenna.com/creative/wp-content/themes/lambda/assets/images/mejs-controls.svg]
[lambda.oxygenna.com/creative/wp-content/themes/lambda/assets/images/controls.html]
[lambda.oxygenna.com/creative/wp-includes/js/mediaelement/bigplay.png]
[lambda.oxygenna.com/creative/wp-content/themes/lambda/assets/fonts/fontawesome-webfont93e3.svg]
[lambda.oxygenna.com/creative/wp-content/themes/lambda/assets/fonts/fontawesome-webfont93e3.ttf]
[lambda.oxygenna.com/creative/wp-includes/js/mediaelement/controls.svg]
[lambda.oxygenna.com/creative/wp-content/themes/lambda/assets/fonts/feather-webfont.woff]
[lambda.oxygenna.com/creative/index5d38.html]
[lambda.oxygenna.com/creative/services/http_/lambda.oxygenna.com/creative/wp-content/uploads/sites/8/2014/10/services-bg.html]
[lambda.oxygenna.com/creative/wp-content/themes/lambda/assets/fonts/feather-webfont.svg]
[lambda.oxygenna.com/creative/wp-json/oembed/1.0/embedd2bb.json]
[lambda.oxygenna.com/creative/wp-json/oembed/1.0/embeda8da]
[lambda.oxygenna.com/creative/our-services/easy-to-customise/index.html]
[lambda.oxygenna.com/creative/wp-json/oembed/1.0/embed804c.json]
[lambda.oxygenna.com/creative/wp-json/oembed/1.0/embed5dbf]
[lambda.oxygenna.com/creative/our-services/commerce-ready/index.html]
[lambda.oxygenna.com/creative/wp-json/oembed/1.0/embedd596.json]
[lambda.oxygenna.com/creative/wp-json/oembed/1.0/embed8180]
[lambda.oxygenna.com/creative/our-services/page-composer/index.html]
[lambda.oxygenna.com/creative/services/http_/lambda.oxygenna.com/creative/wp-content/uploads/sites/8/2014/10/services-bg-2.html]
[lambda.oxygenna.com/creative/wp-json/oembed/1.0/embed4930.json]
[lambda.oxygenna.com/creative/services-alt/feed/index.html]
[lambda.oxygenna.com/creative/wp-json/oembed/1.0/embeda3e0]
[d169hzb81ub7u3.cloudfront.net/creative/wp-content/uploads/sites/8/2014/10/customisation-300-white.png]
[d169hzb81ub7u3.cloudfront.net/creative/wp-content/uploads/sites/8/2014/10/team10-notinclude-150x150.jpg]
[d169hzb81ub7u3.cloudfront.net/creative/wp-content/uploads/sites/8/2014/10/team09-notinclude-150x150.jpg]
[lambda.oxygenna.com/creative/services-alt/index.html]
[lambda.oxygenna.com/creative/indexdb4e.html]
[lambda.oxygenna.com/creative/index55e4.html]
[lambda.oxygenna.com/creative/about-us/http_/lambda.oxygenna.com/creative/wp-content/uploads/sites/8/2014/10/p03.html]
[lambda.oxygenna.com/creative/index6ffe.html]
[lambda.oxygenna.com/creative/right-sidebar/http_/lambda.oxygenna.com/creative/wp-content/uploads/sites/8/2014/10/services-bg-2.html]
[lambda.oxygenna.com/creative/2014/09/25/shocking-information-about-alcohol-exposed/feed/index.html]
[lambda.oxygenna.com/creative/wp-json/oembed/1.0/embedc9da]
[lambda.oxygenna.com/creative/2014/09/25/shocking-information-about-alcohol-exposed/index.html]
[lambda.oxygenna.com/creative/wp-json/oembed/1.0/embedccab.json]
[lambda.oxygenna.com/creative/2014/09/25/the-ugly-side-of-the-moon/feed/index.html]
[lambda.oxygenna.com/creative/wp-json/oembed/1.0/embed5ddb]
[lambda.oxygenna.com/creative/2014/09/25/the-ugly-side-of-the-moon/index.html]
[lambda.oxygenna.com/creative/2014/09/25/the-ugly-side-of-the-moon/index8e42.html]
[lambda.oxygenna.com/creative/2014/09/25/the-ugly-side-of-the-moon/index5a86.html]
[lambda.oxygenna.com/creative/2014/09/25/the-ugly-side-of-the-moon/indexb951.html]
[lambda.oxygenna.com/creative/tag/assault/index.html]
[lambda.oxygenna.com/creative/tag/assault/feed/index.html]
[lambda.oxygenna.com/creative/tag/billionaire/feed/index.html]
[lambda.oxygenna.com/creative/tag/billionaire/index.html]
[lambda.oxygenna.com/creative/tag/butcher/feed/index.html]
[lambda.oxygenna.com/creative/tag/butcher/index.html]
[lambda.oxygenna.com/creative/tag/chimpanzee/feed/index.html]
[lambda.oxygenna.com/creative/tag/chimpanzee/index.html]
[lambda.oxygenna.com/creative/tag/commandment/feed/index.html]
[lambda.oxygenna.com/creative/tag/commandment/index.html]
[lambda.oxygenna.com/creative/tag/discovery/feed/index.html]
[lambda.oxygenna.com/creative/tag/discovery/index.html]
[lambda.oxygenna.com/creative/tag/discovery/page/2/index.html]
[lambda.oxygenna.com/creative/tag/drugs/index.html]
[lambda.oxygenna.com/creative/tag/everest/feed/index.html]
[lambda.oxygenna.com/creative/tag/everest/index.html]
[lambda.oxygenna.com/creative/tag/humor/feed/index.html]
[lambda.oxygenna.com/creative/tag/humor/index.html]
[lambda.oxygenna.com/creative/tag/information/feed/index.html]
[lambda.oxygenna.com/creative/tag/information/index.html]
[lambda.oxygenna.com/creative/tag/lord/feed/index.html]
[lambda.oxygenna.com/creative/tag/lord/index.html]
[lambda.oxygenna.com/creative/tag/loud/feed/index.html]
[lambda.oxygenna.com/creative/tag/loud/index.html]
[lambda.oxygenna.com/creative/tag/lucky/feed/index.html]
[lambda.oxygenna.com/creative/tag/lucky/index.html]
[lambda.oxygenna.com/creative/tag/nextpage/feed/index.html]
[lambda.oxygenna.com/creative/tag/nextpage/index.html]
[lambda.oxygenna.com/creative/tag/paged/feed/index.html]
[lambda.oxygenna.com/creative/tag/paged/index.html]
[lambda.oxygenna.com/creative/tag/party/feed/index.html]
[lambda.oxygenna.com/creative/tag/party/index.html]
[lambda.oxygenna.com/creative/tag/reggae/feed/index.html]
[lambda.oxygenna.com/creative/tag/reggae/index.html]
[lambda.oxygenna.com/creative/tag/song/feed/index.html]
[lambda.oxygenna.com/creative/tag/song/index.html]
[lambda.oxygenna.com/creative/tag/vision/feed/index.html]
[lambda.oxygenna.com/creative/tag/vision/index.html]
[lambda.oxygenna.com/creative/tag/woman/feed/index.html]
[lambda.oxygenna.com/creative/tag/woman/index.html]
[lambda.oxygenna.com/creative/indexbde5.html]
[lambda.oxygenna.com/creative/left-sidebar/http_/lambda.oxygenna.com/creative/wp-content/uploads/sites/8/2014/10/services-bg-2.html]
[lambda.oxygenna.com/creative/index31a3.html]
[lambda.oxygenna.com/creative/elements/http_/lambda.oxygenna.com/creative/wp-content/uploads/sites/8/2014/10/services-bg-2.html]
[apis.google.com/js/plusone.js]
[assets.pinterest.com/js/pinit.js]
[lambda.oxygenna.com/creative/wp-content/plugins/js_composer/assets/js/js_composer_front125b.js]
[lambda.oxygenna.com/creative/indexd52d.html]
[lambda.oxygenna.com/creative/element-headers/http_/lambda.oxygenna.com/creative/wp-content/uploads/sites/8/2014/10/services-bg-2.html]
[lambda.oxygenna.com/creative/indexe6f0.html]
[lambda.oxygenna.com/creative/elements-blockquotes/http_/lambda.oxygenna.com/creative/wp-content/uploads/sites/8/2014/10/services-bg-2.html]
[lambda.oxygenna.com/creative/indexc5eb.html]
[lambda.oxygenna.com/creative/elements-font-icons/http_/lambda.oxygenna.com/creative/wp-content/uploads/sites/8/2014/10/services-bg-2.html]
[lambda.oxygenna.com/creative/elements-font-icons/license/index.html]
[lambda.oxygenna.com/creative/elements-font-icons/cheatsheet/index.html]
[lambda.oxygenna.com/creative/index198a.html]
[lambda.oxygenna.com/creative/elements-columns/http_/lambda.oxygenna.com/creative/wp-content/uploads/sites/8/2014/10/services-bg-2.html]
[lambda.oxygenna.com/creative/index1c00.html]
[lambda.oxygenna.com/creative/elements-accordion/http_/lambda.oxygenna.com/creative/wp-content/uploads/sites/8/2014/10/services-bg-2.html]
[lambda.oxygenna.com/creative/index913e.html]
[lambda.oxygenna.com/creative/elements-tabs/http_/lambda.oxygenna.com/creative/wp-content/uploads/sites/8/2014/10/services-bg-2.html]
[lambda.oxygenna.com/creative/index2c90.html]
[lambda.oxygenna.com/creative/elements-buttons/http_/lambda.oxygenna.com/creative/wp-content/uploads/sites/8/2014/10/services-bg-2.html]
[lambda.oxygenna.com/creative/index7737.html]
[lambda.oxygenna.com/creative/elements-panels/http_/lambda.oxygenna.com/creative/wp-content/uploads/sites/8/2014/10/services-bg-2.html]
[lambda.oxygenna.com/creative/index8320.html]
[lambda.oxygenna.com/creative/elements-tables/http_/lambda.oxygenna.com/creative/wp-content/uploads/sites/8/2014/10/services-bg-2.html]
[lambda.oxygenna.com/creative/index3961.html]
[lambda.oxygenna.com/creative/550-2/http_/lambda.oxygenna.com/creative/wp-content/uploads/sites/8/2014/10/services-bg-2.html]
[lambda.oxygenna.com/creative/index3f5a.html]
[lambda.oxygenna.com/creative/elements-pricing/http_/lambda.oxygenna.com/creative/wp-content/uploads/sites/8/2014/10/services-bg-2.html]
[lambda.oxygenna.com/creative/index5401.html]
[lambda.oxygenna.com/creative/element-feature-font-icons/http_/lambda.oxygenna.com/creative/wp-content/uploads/sites/8/2014/10/services-bg-2.html]
[lambda.oxygenna.com/creative/indexb6ad.html]
[lambda.oxygenna.com/creative/elements-features-lists/http_/lambda.oxygenna.com/creative/wp-content/uploads/sites/8/2014/10/services-bg-2.html]
[lambda.oxygenna.com/creative/index5eda.html]
[lambda.oxygenna.com/creative/elements-scroll-buttons-2/http_/lambda.oxygenna.com/creative/wp-content/uploads/sites/8/2014/10/bg-01.html]
[lambda.oxygenna.com/creative/elements-scroll-buttons-2/http_/lambda.oxygenna.com/creative/wp-content/uploads/sites/8/2014/10/services-bg.html]
[lambda.oxygenna.com/creative/elements-scroll-buttons-2/http_/lambda.oxygenna.com/creative/wp-content/uploads/sites/8/2014/10/services-bg-2.html]
[lambda.oxygenna.com/creative/indexeffd.html]
[lambda.oxygenna.com/creative/elements-charts/http_/lambda.oxygenna.com/creative/wp-content/uploads/sites/8/2014/10/services-bg-2.html]
[lambda.oxygenna.com/creative/index3fbb.html]
[lambda.oxygenna.com/creative/elements-counters/http_/lambda.oxygenna.com/creative/wp-content/uploads/sites/8/2014/10/bg-01.html]
[lambda.oxygenna.com/creative/index6213.html]
[lambda.oxygenna.com/creative/elements-countdown-timer/http_/lambda.oxygenna.com/creative/wp-content/uploads/sites/8/2014/10/services-bg.html]
[lambda.oxygenna.com/creative/index648c.html]
[lambda.oxygenna.com/creative/elements-pie-charts/http_/lambda.oxygenna.com/creative/wp-content/uploads/sites/8/2014/10/services-bg-2.html]
[lambda.oxygenna.com/creative/index287b.html]
[lambda.oxygenna.com/creative/elements-progress-bars/http_/lambda.oxygenna.com/creative/wp-content/uploads/sites/8/2014/10/services-bg-2.html]
[lambda.oxygenna.com/creative/index44d0.html]
[lambda.oxygenna.com/creative/elements-maps/http_/lambda.oxygenna.com/creative/wp-content/uploads/sites/8/2014/10/services-bg-2.html]
[lambda.oxygenna.com/creative/wp-content/themes/lambda/assets/js/map.mina94e.js]
[lambda.oxygenna.com/creative/index8e15.html]
[lambda.oxygenna.com/creative/portfolio-2-columns/http_/lambda.oxygenna.com/creative/wp-content/uploads/sites/8/2014/10/p01.html]
[lambda.oxygenna.com/creative/portfolio-2-columns/http_/lambda.oxygenna.com/creative/wp-content/uploads/sites/8/2014/10/p041.html]
[lambda.oxygenna.com/creative/index65d2.html]
[lambda.oxygenna.com/creative/portfolio-3-columns/http_/lambda.oxygenna.com/creative/wp-content/uploads/sites/8/2014/10/p021.html]
[lambda.oxygenna.com/creative/index36d4.html]
[lambda.oxygenna.com/creative/portfolio-4-columns/http_/lambda.oxygenna.com/creative/wp-content/uploads/sites/8/2014/10/bg-01.html]
[lambda.oxygenna.com/creative/index5cfa.html]
[lambda.oxygenna.com/creative/index8ed7.html]
[lambda.oxygenna.com/creative/fullwidth/http_/lambda.oxygenna.com/creative/wp-content/uploads/sites/8/2014/10/p081.html]
[lambda.oxygenna.com/creative/portfolio/old-guitar/feed/index.html]
[lambda.oxygenna.com/creative/index48fd.html]
[lambda.oxygenna.com/creative/portfolio/old-guitar/http_/lambda.oxygenna.com/creative/wp-content/uploads/sites/8/2014/10/p13.html]
[lambda.oxygenna.com/creative/portfolio/rapid-longitude/feed/index.html]
[lambda.oxygenna.com/creative/index7b17.html]
[lambda.oxygenna.com/creative/portfolio/rapid-longitude/http_/lambda.oxygenna.com/creative/wp-content/uploads/sites/8/2014/10/p03.html]
[pinterest.com/pin/create/button/index38f4.html]
[lambda.oxygenna.com/creative/portfolio/frozen-logbook/feed/index.html]
[lambda.oxygenna.com/creative/index146c.html]
[lambda.oxygenna.com/creative/portfolio/frozen-logbook/http_/lambda.oxygenna.com/creative/wp-content/uploads/sites/8/2014/10/blog.html]
[lambda.oxygenna.com/creative/blog/http_/lambda.oxygenna.com/creative/wp-content/uploads/sites/8/2014/10/blog.html]
[lambda.oxygenna.com/creative/wp-json/oembed/1.0/embed27d2]
[lambda.oxygenna.com/creative/author/proistak/index.html]
[lambda.oxygenna.com/creative/author/proistak/feed/index.html]
[lambda.oxygenna.com/creative/wp-json/oembed/1.0/embed79b6.json]
[lambda.oxygenna.com/creative/2014/07/25/where-no-fan-has-gone-before/feed/index.html]
[lambda.oxygenna.com/creative/wp-json/oembed/1.0/embed6cfc]
[lambda.oxygenna.com/creative/2014/07/25/where-no-fan-has-gone-before/index.html]
[lambda.oxygenna.com/creative/2014/07/25/where-no-fan-has-gone-before/index41b7.html]
[lambda.oxygenna.com/creative/2014/07/25/where-no-fan-has-gone-before/index954a.html]
[lambda.oxygenna.com/creative/author/christos/index.html]
[lambda.oxygenna.com/creative/2014/07/25/where-no-fan-has-gone-before/indexf970.html]
[lambda.oxygenna.com/creative/wp-json/oembed/1.0/embed9726.json]
[lambda.oxygenna.com/creative/author/christos/feed/index.html]
[lambda.oxygenna.com/creative/2014/07/25/the-day-the-earth-stood-stupid/feed/index.html]
[lambda.oxygenna.com/creative/wp-json/oembed/1.0/embedbf08]
[lambda.oxygenna.com/creative/2014/07/25/the-day-the-earth-stood-stupid/index.html]
[lambda.oxygenna.com/creative/wp-json/oembed/1.0/embed8801.json]
[lambda.oxygenna.com/creative/2014/07/25/the-day-the-earth-stood-stupid/indexfaf1.html]
[lambda.oxygenna.com/creative/2014/07/25/the-day-the-earth-stood-stupid/indexfc06.html]
[lambda.oxygenna.com/creative/2014/06/26/fry-am-the-egg-man/feed/index.html]
[lambda.oxygenna.com/creative/wp-json/oembed/1.0/embed345a]
[lambda.oxygenna.com/creative/2014/06/26/fry-am-the-egg-man/index.html]
[lambda.oxygenna.com/creative/blog/page/2/index8b5b.html]
[lambda.oxygenna.com/creative/blog/page/2/index6655.html]
[lambda.oxygenna.com/creative/blog/page/2/indexbf37.html]
[lambda.oxygenna.com/creative/blog/page/2/index90fa.html]
[lambda.oxygenna.com/creative/index9469.html]
[lambda.oxygenna.com/creative/2014/09/25/the-idiots-guide-to-explained/http_/lambda.oxygenna.com/creative/wp-content/uploads/sites/8/2014/10/blog.html]
[lambda.oxygenna.com/creative/blog/index.html]
[pinterest.com/pin/create/button/indexee54.html]
[lambda.oxygenna.com/creative/2014/06/26/fry-am-the-egg-man/index6944.html]
[lambda.oxygenna.com/creative/2014/06/26/fry-am-the-egg-man/index1dff.html]
[lambda.oxygenna.com/creative/blog/page/2/index.html]
[lambda.oxygenna.com/creative/2014/09/25/the-idiots-guide-to-explained/index0e22.html]
[lambda.oxygenna.com/creative/2014/09/25/the-idiots-guide-to-explained/index360b.html]
[lambda.oxygenna.com/creative/index9e8b.html]
[lambda.oxygenna.com/creative/2014/08/25/the-birth-of-lies/http_/lambda.oxygenna.com/creative/wp-content/uploads/sites/8/2014/10/blog.html]
[pinterest.com/pin/create/button/indexb052.html]
[lambda.oxygenna.com/creative/wp-json/oembed/1.0/embedf545.json]
[lambda.oxygenna.com/creative/2014/09/25/the-idiots-guide-to-explained/index8528.html]
[lambda.oxygenna.com/creative/2014/05/01/all-the-presidents-heads/feed/index.html]
[lambda.oxygenna.com/creative/wp-json/oembed/1.0/embedf2a9]
[lambda.oxygenna.com/creative/2014/05/01/all-the-presidents-heads/index.html]
[lambda.oxygenna.com/creative/2014/05/01/all-the-presidents-heads/index7c98.html]
[lambda.oxygenna.com/creative/2014/05/01/all-the-presidents-heads/indexfa40.html]
[lambda.oxygenna.com/creative/2014/05/01/all-the-presidents-heads/indexec27.html]
[lambda.oxygenna.com/creative/2014/08/25/the-birth-of-lies/index267f.html]
[lambda.oxygenna.com/creative/2014/08/25/the-birth-of-lies/indexa82a.html]
[lambda.oxygenna.com/creative/2014/08/25/the-birth-of-lies/index06ab.html]
[lambda.oxygenna.com/creative/index261b.html]
[lambda.oxygenna.com/creative/2014/07/25/the-cyber-house-rules/http_/lambda.oxygenna.com/creative/wp-content/uploads/sites/8/2014/10/blog.html]
[pinterest.com/pin/create/button/indexa983.html]
[lambda.oxygenna.com/creative/2014/07/25/the-cyber-house-rules/index94a5.html]
[lambda.oxygenna.com/creative/2014/07/25/the-cyber-house-rules/index745d.html]
[lambda.oxygenna.com/creative/index6f72.html]
[lambda.oxygenna.com/creative/indexd78c.html]
[lambda.oxygenna.com/creative/index0a10.html]
[lambda.oxygenna.com/creative/portfolio/drinks-on-us/feed/index.html]
[lambda.oxygenna.com/creative/indexe8f5.html]
[lambda.oxygenna.com/creative/portfolio/drinks-on-us/http_/lambda.oxygenna.com/creative/wp-content/uploads/sites/8/2014/10/p021.html]
[lambda.oxygenna.com/creative/portfolio/gravity-grass/feed/index.html]
[lambda.oxygenna.com/creative/indexb998.html]
[lambda.oxygenna.com/creative/portfolio/gravity-grass/http_/lambda.oxygenna.com/creative/wp-content/uploads/sites/8/2014/10/p101.html]
[lambda.oxygenna.com/creative/portfolio/risky-heart/feed/index.html]
[lambda.oxygenna.com/creative/indexada0.html]
[lambda.oxygenna.com/creative/portfolio/risky-heart/http_/lambda.oxygenna.com/creative/wp-content/uploads/sites/8/2014/10/p041.html]
[lambda.oxygenna.com/creative/portfolio/dirty-old-boots/feed/index.html]
[lambda.oxygenna.com/creative/index7c2c.html]
[lambda.oxygenna.com/creative/portfolio/wild-alpha/feed/index.html]
[lambda.oxygenna.com/creative/index2586.html]
[lambda.oxygenna.com/creative/portfolio/wild-alpha/http_/lambda.oxygenna.com/creative/wp-content/uploads/sites/8/2014/10/p07.html]
[lambda.oxygenna.com/creative/portfolio/yellow-yard/feed/index.html]
[lambda.oxygenna.com/creative/indexccf8.html]
[lambda.oxygenna.com/creative/portfolio/yellow-yard/http_/lambda.oxygenna.com/creative/wp-content/uploads/sites/8/2014/10/p081.html]
[lambda.oxygenna.com/creative/portfolio/orange-cocktail/feed/index.html]
[lambda.oxygenna.com/creative/indexb50d.html]
[lambda.oxygenna.com/creative/portfolio/orange-cocktail/http_/lambda.oxygenna.com/creative/wp-content/uploads/sites/8/2014/10/p09.html]
[lambda.oxygenna.com/creative/portfolio/the-black-straw/feed/index.html]
[lambda.oxygenna.com/creative/indexb7c7.html]
[lambda.oxygenna.com/creative/portfolio/wild-forest/feed/index.html]
[lambda.oxygenna.com/creative/indexff23.html]
[lambda.oxygenna.com/creative/portfolio/wild-forest/http_/lambda.oxygenna.com/creative/wp-content/uploads/sites/8/2014/10/p10.html]
[lambda.oxygenna.com/creative/index9c49.html]
[lambda.oxygenna.com/creative/index4ab3.html]
[lambda.oxygenna.com/creative/index5070.html]
[lambda.oxygenna.com/creative/indexd4a6.html]
[lambda.oxygenna.com/creative/indexb8c4.html]
[lambda.oxygenna.com/creative/indexdb84.html]
[lambda.oxygenna.com/creative/indexe856.html]
[lambda.oxygenna.com/creative/index9751.html]
[lambda.oxygenna.com/creative/index60d6.html]
[lambda.oxygenna.com/creative/2014/09/25/a-flight-to-remember/http_/lambda.oxygenna.com/creative/wp-content/uploads/sites/8/2014/10/blog.html]
[pinterest.com/pin/create/button/indexdda3.html]
[lambda.oxygenna.com/creative/2014/09/25/a-flight-to-remember/index3094.html]
[lambda.oxygenna.com/creative/2014/09/25/a-flight-to-remember/index6f0d.html]
[lambda.oxygenna.com/creative/indexb4d2.html]
[lambda.oxygenna.com/creative/2014/09/25/blog-fundamentals-explained/http_/lambda.oxygenna.com/creative/wp-content/uploads/sites/8/2014/10/blog.html]
[pinterest.com/pin/create/button/index09f0.html]
[lambda.oxygenna.com/creative/2014/09/25/blog-fundamentals-explained/index21b4.html]
[lambda.oxygenna.com/creative/2014/09/25/blog-fundamentals-explained/indexa79a.html]
[lambda.oxygenna.com/creative/category/art-culture/http_/lambda.oxygenna.com/creative/wp-content/uploads/sites/8/2014/10/blog.html]
[lambda.oxygenna.com/creative/2014/06/25/sing-along-fellas/index.html]
[lambda.oxygenna.com/creative/category/education/http_/lambda.oxygenna.com/creative/wp-content/uploads/sites/8/2014/10/blog.html]
[lambda.oxygenna.com/creative/category/food-health/http_/lambda.oxygenna.com/creative/wp-content/uploads/sites/8/2014/10/blog.html]
[lambda.oxygenna.com/creative/category/movies/http_/lambda.oxygenna.com/creative/wp-content/uploads/sites/8/2014/10/blog.html]
[lambda.oxygenna.com/creative/wp-json/oembed/1.0/embedd75c.json]
[lambda.oxygenna.com/creative/2014/06/25/sing-along-fellas/index06b6.html]
[lambda.oxygenna.com/creative/2014/06/25/sing-along-fellas/index04d3.html]
[lambda.oxygenna.com/creative/2014/06/25/the-silence-of-the-clamps/feed/index.html]
[lambda.oxygenna.com/creative/wp-json/oembed/1.0/embedc1a0]
[lambda.oxygenna.com/creative/2014/06/25/the-silence-of-the-clamps/index.html]
[lambda.oxygenna.com/creative/category/sports/http_/lambda.oxygenna.com/creative/wp-content/uploads/sites/8/2014/10/blog.html]
[lambda.oxygenna.com/creative/category/travel/http_/lambda.oxygenna.com/creative/wp-content/uploads/sites/8/2014/10/blog.html]
[lambda.oxygenna.com/creative/2014/09/http_/lambda.oxygenna.com/creative/wp-content/uploads/sites/8/2014/10/blog.html]
[lambda.oxygenna.com/creative/2014/06/25/the-silence-of-the-clamps/index2320.html]
[lambda.oxygenna.com/creative/2014/index.html]
[lambda.oxygenna.com/creative/2014/08/http_/lambda.oxygenna.com/creative/wp-content/uploads/sites/8/2014/10/blog.html]
[lambda.oxygenna.com/creative/2014/07/http_/lambda.oxygenna.com/creative/wp-content/uploads/sites/8/2014/10/blog.html]
[lambda.oxygenna.com/creative/2014/06/http_/lambda.oxygenna.com/creative/wp-content/uploads/sites/8/2014/10/blog.html]
[lambda.oxygenna.com/creative/2014/05/http_/lambda.oxygenna.com/creative/wp-content/uploads/sites/8/2014/10/blog.html]
[lambda.oxygenna.com/creative/mediaelement.min.html]
[lambda.oxygenna.com/creative/mediaelement-and-player.html]
[lambda.oxygenna.com/creative/Popover requires tooltip.html]
[lambda.oxygenna.com/creative/wp-includes/js/mediaelement/controls.svg]
[lambda.oxygenna.com/creative/wp-content/themes/lambda/assets/fonts/feather-webfont.svg]
[lambda.oxygenna.com/creative/index30a5.html]
[lambda.oxygenna.com/creative/index8820.html]
[lambda.oxygenna.com/creative/indexbbbb.html]
[lambda.oxygenna.com/creative/index735a.html]
[lambda.oxygenna.com/creative/services-alt/http_/lambda.oxygenna.com/creative/wp-content/uploads/sites/8/2014/10/bg-01.html]
[lambda.oxygenna.com/creative/services-alt/http_/lambda.oxygenna.com/creative/wp-content/uploads/sites/8/2014/10/services-bg-2.html]
[lambda.oxygenna.com/creative/services-alt/http_/lambda.oxygenna.com/creative/wp-content/uploads/sites/8/2014/10/services-bg-3.html]
[lambda.oxygenna.com/creative/services-alt/http_/lambda.oxygenna.com/creative/wp-content/uploads/sites/8/2014/10/services-bg.html]
[lambda.oxygenna.com/creative/index248a.html]
[lambda.oxygenna.com/creative/2014/09/25/shocking-information-about-alcohol-exposed/http_/lambda.oxygenna.com/creative/wp-content/uploads/sites/8/2014/10/blog.html]
[lambda.oxygenna.com/creative/index269b.html]
[lambda.oxygenna.com/creative/2014/09/25/the-ugly-side-of-the-moon/http_/lambda.oxygenna.com/creative/wp-content/uploads/sites/8/2014/10/blog.html]
[pinterest.com/pin/create/button/index9c45.html]
[lambda.oxygenna.com/creative/2014/page/2/index.html]
[lambda.oxygenna.com/creative/wp-content/themes/lambda/assets/images/bigplay.png]
[lambda.oxygenna.com/creative/wp-json/oembed/1.0/embeda5c2]
[lambda.oxygenna.com/creative/2014/09/25/the-ugly-side-of-the-moon/index8e42.html]
[lambda.oxygenna.com/creative/2014/09/25/the-ugly-side-of-the-moon/index5a86.html]
[lambda.oxygenna.com/creative/2014/09/25/the-ugly-side-of-the-moon/indexb951.html]
[lambda.oxygenna.com/creative/tag/assault/http_/lambda.oxygenna.com/creative/wp-content/uploads/sites/8/2014/10/blog.html]
[lambda.oxygenna.com/creative/tag/billionaire/http_/lambda.oxygenna.com/creative/wp-content/uploads/sites/8/2014/10/blog.html]
[lambda.oxygenna.com/creative/tag/butcher/http_/lambda.oxygenna.com/creative/wp-content/uploads/sites/8/2014/10/blog.html]
[lambda.oxygenna.com/creative/tag/chimpanzee/http_/lambda.oxygenna.com/creative/wp-content/uploads/sites/8/2014/10/blog.html]
[lambda.oxygenna.com/creative/tag/commandment/http_/lambda.oxygenna.com/creative/wp-content/uploads/sites/8/2014/10/blog.html]
[lambda.oxygenna.com/creative/tag/discovery/http_/lambda.oxygenna.com/creative/wp-content/uploads/sites/8/2014/10/blog.html]
[lambda.oxygenna.com/creative/tag/discovery/page/2/index.html]
[lambda.oxygenna.com/creative/tag/drugs/http_/lambda.oxygenna.com/creative/wp-content/uploads/sites/8/2014/10/blog.html]
[lambda.oxygenna.com/creative/tag/everest/http_/lambda.oxygenna.com/creative/wp-content/uploads/sites/8/2014/10/blog.html]
[lambda.oxygenna.com/creative/tag/humor/http_/lambda.oxygenna.com/creative/wp-content/uploads/sites/8/2014/10/blog.html]
[lambda.oxygenna.com/creative/tag/information/http_/lambda.oxygenna.com/creative/wp-content/uploads/sites/8/2014/10/blog.html]
[lambda.oxygenna.com/creative/tag/lord/http_/lambda.oxygenna.com/creative/wp-content/uploads/sites/8/2014/10/blog.html]
[lambda.oxygenna.com/creative/tag/loud/http_/lambda.oxygenna.com/creative/wp-content/uploads/sites/8/2014/10/blog.html]
[lambda.oxygenna.com/creative/tag/lucky/http_/lambda.oxygenna.com/creative/wp-content/uploads/sites/8/2014/10/blog.html]
[lambda.oxygenna.com/creative/tag/nextpage/http_/lambda.oxygenna.com/creative/wp-content/uploads/sites/8/2014/10/blog.html]
[lambda.oxygenna.com/creative/tag/paged/http_/lambda.oxygenna.com/creative/wp-content/uploads/sites/8/2014/10/blog.html]
[lambda.oxygenna.com/creative/tag/party/http_/lambda.oxygenna.com/creative/wp-content/uploads/sites/8/2014/10/blog.html]
[lambda.oxygenna.com/creative/tag/reggae/http_/lambda.oxygenna.com/creative/wp-content/uploads/sites/8/2014/10/blog.html]
[lambda.oxygenna.com/creative/tag/song/http_/lambda.oxygenna.com/creative/wp-content/uploads/sites/8/2014/10/blog.html]
[lambda.oxygenna.com/creative/tag/vision/http_/lambda.oxygenna.com/creative/wp-content/uploads/sites/8/2014/10/blog.html]
[lambda.oxygenna.com/creative/tag/woman/http_/lambda.oxygenna.com/creative/wp-content/uploads/sites/8/2014/10/blog.html]
[lambda.oxygenna.com/creative/tag/drugs/feed/index.html]
[pinterest.com/pin/create/button/index0060.html]
[lambda.oxygenna.com/creative/author/proistak/http_/lambda.oxygenna.com/creative/wp-content/uploads/sites/8/2014/10/blog.html]
[lambda.oxygenna.com/creative/indexa80c.html]
[lambda.oxygenna.com/creative/2014/07/25/where-no-fan-has-gone-before/http_/lambda.oxygenna.com/creative/wp-content/uploads/sites/8/2014/10/blog.html]
[pinterest.com/pin/create/button/indexd06d.html]
[lambda.oxygenna.com/creative/2014/07/25/where-no-fan-has-gone-before/index41b7.html]
[lambda.oxygenna.com/creative/2014/07/25/where-no-fan-has-gone-before/index954a.html]
[lambda.oxygenna.com/creative/2014/07/25/where-no-fan-has-gone-before/indexf970.html]
[lambda.oxygenna.com/creative/author/christos/http_/lambda.oxygenna.com/creative/wp-content/uploads/sites/8/2014/10/blog.html]
[lambda.oxygenna.com/creative/indexbbbf.html]
[lambda.oxygenna.com/creative/2014/07/25/the-day-the-earth-stood-stupid/http_/lambda.oxygenna.com/creative/wp-content/uploads/sites/8/2014/10/blog.html]
[pinterest.com/pin/create/button/indexcbdc.html]
[lambda.oxygenna.com/creative/2014/07/25/the-day-the-earth-stood-stupid/indexfc06.html]
[lambda.oxygenna.com/creative/2014/07/25/the-day-the-earth-stood-stupid/indexfaf1.html]
[lambda.oxygenna.com/creative/index5a6a.html]
[lambda.oxygenna.com/creative/2014/06/26/fry-am-the-egg-man/http_/lambda.oxygenna.com/creative/wp-content/uploads/sites/8/2014/10/blog.html]
[lambda.oxygenna.com/creative/2014/06/26/fry-am-the-egg-man/index6944.html]
[lambda.oxygenna.com/creative/2014/06/26/fry-am-the-egg-man/index1dff.html]
[lambda.oxygenna.com/creative/blog/page/2/http_/lambda.oxygenna.com/creative/wp-content/uploads/sites/8/2014/10/blog.html]
[lambda.oxygenna.com/creative/blog/page/2/index.html]
[pinterest.com/pin/create/button/index8daa.html]
[lambda.oxygenna.com/creative/2014/09/25/the-idiots-guide-to-explained/index8528.html]
[pinterest.com/pin/create/button/index9f2e.html]
[lambda.oxygenna.com/creative/index5051.html]
[lambda.oxygenna.com/creative/2014/05/01/all-the-presidents-heads/http_/lambda.oxygenna.com/creative/wp-content/uploads/sites/8/2014/10/blog.html]
[pinterest.com/pin/create/button/indexa64c.html]
[lambda.oxygenna.com/creative/2014/05/01/all-the-presidents-heads/indexfa40.html]
[lambda.oxygenna.com/creative/2014/05/01/all-the-presidents-heads/index7c98.html]
[lambda.oxygenna.com/creative/2014/05/01/all-the-presidents-heads/indexec27.html]
[lambda.oxygenna.com/creative/2014/08/25/the-birth-of-lies/index267f.html]
[pinterest.com/pin/create/button/index1538.html]
[pinterest.com/pin/create/button/indexfb26.html]
[pinterest.com/pin/create/button/indexf368.html]
[lambda.oxygenna.com/creative/indexf45e.html]
[lambda.oxygenna.com/creative/2014/06/25/sing-along-fellas/http_/lambda.oxygenna.com/creative/wp-content/uploads/sites/8/2014/10/blog.html]
[lambda.oxygenna.com/creative/2014/06/25/sing-along-fellas/index04d3.html]
[lambda.oxygenna.com/creative/2014/06/25/sing-along-fellas/index06b6.html]
[lambda.oxygenna.com/creative/index78d6.html]
[lambda.oxygenna.com/creative/2014/06/25/the-silence-of-the-clamps/http_/lambda.oxygenna.com/creative/wp-content/uploads/sites/8/2014/10/blog.html]
[pinterest.com/pin/create/button/indexc7c3.html]
[lambda.oxygenna.com/creative/wp-json/oembed/1.0/embed1769]
[lambda.oxygenna.com/creative/2014/06/25/the-silence-of-the-clamps/indexa858.html]
[lambda.oxygenna.com/creative/2014/06/25/the-silence-of-the-clamps/index094c.html]
[lambda.oxygenna.com/creative/2014/06/25/the-silence-of-the-clamps/index2320.html]
[lambda.oxygenna.com/creative/2014/http_/lambda.oxygenna.com/creative/wp-content/uploads/sites/8/2014/10/blog.html]
[lambda.oxygenna.com/creative/2014/page/2/index.html]
[pinterest.com/pin/create/button/index7496.html]
[lambda.oxygenna.com/creative/tag/discovery/page/2/http_/lambda.oxygenna.com/creative/wp-content/uploads/sites/8/2014/10/blog.html]
[pinterest.com/pin/create/button/index4e87.html]
[pinterest.com/pin/create/button/indexe301.html]
[pinterest.com/pin/create/button/index5132.html]
[pinterest.com/pin/create/button/index0b36.html]
[lambda.oxygenna.com/creative/2014/06/25/the-silence-of-the-clamps/indexa858.html]
[lambda.oxygenna.com/creative/2014/06/25/the-silence-of-the-clamps/index094c.html]
[lambda.oxygenna.com/creative/2014/page/2/http_/lambda.oxygenna.com/creative/wp-content/uploads/sites/8/2014/10/blog.html]
[lambda.oxygenna.com/creative/wp-json/oembed/1.0/embedf6e1]
[lambda.oxygenna.com/creative/2014/06/25/sing-along-fellas/feed/index.html]
